// Jest Snapshot v1, https://goo.gl/fbAQLP

exports[`Container tests 1`] = `
<h5
  className="typography"
>
  Zapify Ui Text
</h5>
`;
